[INFO] Scanning for projects...
[INFO]
[INFO] --------------------< uk.codery:OpenReferralsDemo >---------------------
[INFO] Building OpenReferralsDemo 0.0.1-SNAPSHOT
[INFO]   from pom.xml
[INFO] --------------------------------[ jar ]---------------------------------
[INFO]
[INFO] >>> spring-boot:3.5.6:run (default-cli) > test-compile @ OpenReferralsDemo >>>
[INFO]
[INFO] --- resources:3.3.1:resources (default-resources) @ OpenReferralsDemo ---
[INFO] Copying 1 resource from src/main/resources to target/classes
[INFO] Copying 9 resources from src/main/resources to target/classes
[INFO]
[INFO] --- compiler:3.14.0:compile (default-compile) @ OpenReferralsDemo ---
[INFO] Recompiling the module because of changed source code.
[INFO] Compiling 23 source files with javac [debug parameters release 21] to target/classes
[INFO]
[INFO] --- resources:3.3.1:testResources (default-testResources) @ OpenReferralsDemo ---
[INFO] Copying 1 resource from src/test/resources to target/test-classes
[INFO]
[INFO] --- compiler:3.14.0:testCompile (default-testCompile) @ OpenReferralsDemo ---
[INFO] Recompiling the module because of changed dependency.
[INFO] Compiling 5 source files with javac [debug parameters release 21] to target/test-classes
[WARNING] /app/src/test/java/uk/codery/demo/openreferrals/controller/ServiceControllerTest.java:[28,6] org.springframework.boot.test.mock.mockito.MockBean in org.springframework.boot.test.mock.mockito has been deprecated and marked for removal
[WARNING] /app/src/test/java/uk/codery/demo/openreferrals/controller/ServiceControllerTest.java:[28,6] org.springframework.boot.test.mock.mockito.MockBean in org.springframework.boot.test.mock.mockito has been deprecated and marked for removal
[WARNING] /app/src/test/java/uk/codery/demo/openreferrals/controller/ServiceControllerTest.java:[28,6] org.springframework.boot.test.mock.mockito.MockBean in org.springframework.boot.test.mock.mockito has been deprecated and marked for removal
[WARNING] /app/src/test/java/uk/codery/demo/openreferrals/controller/ServiceControllerTest.java:[28,6] org.springframework.boot.test.mock.mockito.MockBean in org.springframework.boot.test.mock.mockito has been deprecated and marked for removal
[WARNING] /app/src/test/java/uk/codery/demo/openreferrals/controller/ServiceControllerTest.java:[28,6] org.springframework.boot.test.mock.mockito.MockBean in org.springframework.boot.test.mock.mockito has been deprecated and marked for removal
[WARNING] /app/src/test/java/uk/codery/demo/openreferrals/controller/TaxonomyControllerTest.java:[29,6] org.springframework.boot.test.mock.mockito.MockBean in org.springframework.boot.test.mock.mockito has been deprecated and marked for removal
[WARNING] /app/src/test/java/uk/codery/demo/openreferrals/controller/TaxonomyControllerTest.java:[29,6] org.springframework.boot.test.mock.mockito.MockBean in org.springframework.boot.test.mock.mockito has been deprecated and marked for removal
[WARNING] /app/src/test/java/uk/codery/demo/openreferrals/controller/TaxonomyControllerTest.java:[29,6] org.springframework.boot.test.mock.mockito.MockBean in org.springframework.boot.test.mock.mockito has been deprecated and marked for removal
[WARNING] /app/src/test/java/uk/codery/demo/openreferrals/controller/TaxonomyControllerTest.java:[29,6] org.springframework.boot.test.mock.mockito.MockBean in org.springframework.boot.test.mock.mockito has been deprecated and marked for removal
[WARNING] /app/src/test/java/uk/codery/demo/openreferrals/controller/TaxonomyControllerTest.java:[29,6] org.springframework.boot.test.mock.mockito.MockBean in org.springframework.boot.test.mock.mockito has been deprecated and marked for removal
[INFO]
[INFO] <<< spring-boot:3.5.6:run (default-cli) < test-compile @ OpenReferralsDemo <<<
[INFO]
[INFO]
[INFO] --- spring-boot:3.5.6:run (default-cli) @ OpenReferralsDemo ---
[INFO] Attaching agents: []

  .   ____          _            __ _ _
 /\\ / ___'_ __ _ _(_)_ __  __ _ \ \ \ \
( ( )\___ | '_ | '_| | '_ \/ _` | \ \ \ \
 \\/  ___)| |_)| | | | | || (_| |  ) ) ) )
  '  |____| .__|_| |_|_| |_\__, | / / / /
 =========|_|==============|___/=/_/_/_/

 :: Spring Boot ::                (v3.5.6)

2025-10-02T17:29:08.349Z  INFO 18975 --- [OpenReferralsDemo] [           main] u.c.d.o.OpenReferralsDemoApplication     : Starting OpenReferralsDemoApplication using Java 21.0.8 with PID 18975 (/app/target/classes started by jules in /app)
2025-10-02T17:29:08.353Z DEBUG 18975 --- [OpenReferralsDemo] [           main] u.c.d.o.OpenReferralsDemoApplication     : Running with Spring Boot v3.5.6, Spring v6.2.11
2025-10-02T17:29:08.354Z  INFO 18975 --- [OpenReferralsDemo] [           main] u.c.d.o.OpenReferralsDemoApplication     : No active profile set, falling back to 1 default profile: "default"
2025-10-02T17:29:09.400Z  INFO 18975 --- [OpenReferralsDemo] [           main] .s.d.r.c.RepositoryConfigurationDelegate : Bootstrapping Spring Data MongoDB repositories in DEFAULT mode.
2025-10-02T17:29:09.482Z  INFO 18975 --- [OpenReferralsDemo] [           main] .s.d.r.c.RepositoryConfigurationDelegate : Finished Spring Data repository scanning in 70 ms. Found 4 MongoDB repository interfaces.
2025-10-02T17:29:09.659Z  WARN 18975 --- [OpenReferralsDemo] [           main] trationDelegate$BeanPostProcessorChecker : Bean 'de.flapdoodle.embed.mongo.spring.autoconfigure.EmbeddedMongoAutoConfiguration' of type [de.flapdoodle.embed.mongo.spring.autoconfigure.EmbeddedMongoAutoConfiguration] is not eligible for getting processed by all BeanPostProcessors (for example: not eligible for auto-proxying). The currently created BeanPostProcessor [fixTransactionAndAuth] is declared through a non-static factory method on that class; consider declaring it as static instead.
2025-10-02T17:29:09.674Z  WARN 18975 --- [OpenReferralsDemo] [           main] trationDelegate$BeanPostProcessorChecker : Bean 'de.flapdoodle.mongodb.embedded-de.flapdoodle.embed.mongo.spring.autoconfigure.EmbeddedMongoProperties' of type [de.flapdoodle.embed.mongo.spring.autoconfigure.EmbeddedMongoProperties] is not eligible for getting processed by all BeanPostProcessors (for example: not eligible for auto-proxying). Is this bean getting eagerly injected/applied to a currently created BeanPostProcessor [fixTransactionAndAuth]? Check the corresponding BeanPostProcessor declaration and its dependencies/advisors. If this bean does not have to be post-processed, declare it with ROLE_INFRASTRUCTURE.
2025-10-02T17:29:09.696Z  WARN 18975 --- [OpenReferralsDemo] [           main] trationDelegate$BeanPostProcessorChecker : Bean 'net' of type [de.flapdoodle.embed.mongo.config.ImmutableNet] is not eligible for getting processed by all BeanPostProcessors (for example: not eligible for auto-proxying). Is this bean getting eagerly injected/applied to a currently created BeanPostProcessor [fixTransactionAndAuth]? Check the corresponding BeanPostProcessor declaration and its dependencies/advisors. If this bean does not have to be post-processed, declare it with ROLE_INFRASTRUCTURE.
2025-10-02T17:29:09.704Z  WARN 18975 --- [OpenReferralsDemo] [           main] trationDelegate$BeanPostProcessorChecker : Bean 'spring.data.mongodb-org.springframework.boot.autoconfigure.mongo.MongoProperties' of type [org.springframework.boot.autoconfigure.mongo.MongoProperties] is not eligible for getting processed by all BeanPostProcessors (for example: not eligible for auto-proxying). Is this bean getting eagerly injected/applied to a currently created BeanPostProcessor [fixTransactionAndAuth]? Check the corresponding BeanPostProcessor declaration and its dependencies/advisors. If this bean does not have to be post-processed, declare it with ROLE_INFRASTRUCTURE.
2025-10-02T17:29:09.922Z  INFO 18975 --- [OpenReferralsDemo] [           main] o.s.b.w.embedded.tomcat.TomcatWebServer  : Tomcat initialized with port 8080 (http)
2025-10-02T17:29:09.938Z  INFO 18975 --- [OpenReferralsDemo] [           main] o.apache.catalina.core.StandardService   : Starting service [Tomcat]
2025-10-02T17:29:09.939Z  INFO 18975 --- [OpenReferralsDemo] [           main] o.apache.catalina.core.StandardEngine    : Starting Servlet engine: [Apache Tomcat/10.1.46]
2025-10-02T17:29:10.007Z  INFO 18975 --- [OpenReferralsDemo] [           main] o.a.c.c.C.[Tomcat].[localhost].[/]       : Initializing Spring embedded WebApplicationContext
2025-10-02T17:29:10.008Z  INFO 18975 --- [OpenReferralsDemo] [           main] w.s.c.ServletWebServerApplicationContext : Root WebApplicationContext: initialization completed in 1574 ms
2025-10-02T17:29:10.268Z  INFO 18975 --- [OpenReferralsDemo] [           main] d.f.e.m.s.a.SyncClientServerFactory      : sync server factory
2025-10-02T17:29:10.577Z  INFO 18975 --- [OpenReferralsDemo] [       Thread-1] d.f.e.m.s.autoconfigure.EmbeddedMongo    : {"t":{"$date":"2025-10-02T17:29:10.576+00:00"},"s":"I",  "c":"CONTROL",  "id":23285,   "ctx":"main","msg":"Automatically disabling TLS 1.0, to force-enable TLS 1.0 specify --sslDisabledProtocols 'none'"}
2025-10-02T17:29:10.580Z  INFO 18975 --- [OpenReferralsDemo] [       Thread-1] d.f.e.m.s.autoconfigure.EmbeddedMongo    : {"t":{"$date":"2025-10-02T17:29:10.577+00:00"},"s":"I",  "c":"NETWORK",  "id":4915701, "ctx":"main","msg":"Initialized wire specification","attr":{"spec":{"incomingExternalClient":{"minWireVersion":0,"maxWireVersion":17},"incomingInternalClient":{"minWireVersion":0,"maxWireVersion":17},"outgoing":{"minWireVersion":6,"maxWireVersion":17},"isInternalClient":true}}}
2025-10-02T17:29:10.580Z  INFO 18975 --- [OpenReferralsDemo] [       Thread-1] d.f.e.m.s.autoconfigure.EmbeddedMongo    : {"t":{"$date":"2025-10-02T17:29:10.579+00:00"},"s":"I",  "c":"NETWORK",  "id":4648601, "ctx":"main","msg":"Implicit TCP FastOpen unavailable. If TCP FastOpen is required, set tcpFastOpenServer, tcpFastOpenClient, and tcpFastOpenQueueSize."}
2025-10-02T17:29:10.581Z  INFO 18975 --- [OpenReferralsDemo] [       Thread-1] d.f.e.m.s.autoconfigure.EmbeddedMongo    : {"t":{"$date":"2025-10-02T17:29:10.581+00:00"},"s":"I",  "c":"REPL",     "id":5123008, "ctx":"main","msg":"Successfully registered PrimaryOnlyService","attr":{"service":"TenantMigrationDonorService","namespace":"config.tenantMigrationDonors"}}
2025-10-02T17:29:10.581Z  INFO 18975 --- [OpenReferralsDemo] [       Thread-1] d.f.e.m.s.autoconfigure.EmbeddedMongo    : {"t":{"$date":"2025-10-02T17:29:10.581+00:00"},"s":"I",  "c":"REPL",     "id":5123008, "ctx":"main","msg":"Successfully registered PrimaryOnlyService","attr":{"service":"TenantMigrationRecipientService","namespace":"config.tenantMigrationRecipients"}}
2025-10-02T17:29:10.582Z  INFO 18975 --- [OpenReferralsDemo] [       Thread-1] d.f.e.m.s.autoconfigure.EmbeddedMongo    : {"t":{"$date":"2025-10-02T17:29:10.581+00:00"},"s":"I",  "c":"REPL",     "id":5123008, "ctx":"main","msg":"Successfully registered PrimaryOnlyService","attr":{"service":"ShardSplitDonorService","namespace":"config.tenantSplitDonors"}}
2025-10-02T17:29:10.582Z  INFO 18975 --- [OpenReferralsDemo] [       Thread-1] d.f.e.m.s.autoconfigure.EmbeddedMongo    : {"t":{"$date":"2025-10-02T17:29:10.581+00:00"},"s":"I",  "c":"CONTROL",  "id":5945603, "ctx":"main","msg":"Multi threading initialized"}
2025-10-02T17:29:10.582Z  INFO 18975 --- [OpenReferralsDemo] [       Thread-1] d.f.e.m.s.autoconfigure.EmbeddedMongo    : {"t":{"$date":"2025-10-02T17:29:10.582+00:00"},"s":"I",  "c":"CONTROL",  "id":4615611, "ctx":"initandlisten","msg":"MongoDB starting","attr":{"pid":19005,"port":41869,"dbPath":"/tmp/temp--93951309-c681-446e-b139-3c2c789a38e1/mongod-database3637422129030196142","architecture":"64-bit","host":"devbox"}}
2025-10-02T17:29:10.582Z  INFO 18975 --- [OpenReferralsDemo] [       Thread-1] d.f.e.m.s.autoconfigure.EmbeddedMongo    : {"t":{"$date":"2025-10-02T17:29:10.582+00:00"},"s":"I",  "c":"CONTROL",  "id":23403,   "ctx":"initandlisten","msg":"Build Info","attr":{"buildInfo":{"version":"6.0.14","gitVersion":"25225db95574916fecab3af75b184409f8713aef","openSSLVersion":"OpenSSL 3.0.13 30 Jan 2024","modules":[],"allocator":"tcmalloc","environment":{"distmod":"ubuntu2204","distarch":"x86_64","target_arch":"x86_64"}}}}
2025-10-02T17:29:10.582Z  INFO 18975 --- [OpenReferralsDemo] [       Thread-1] d.f.e.m.s.autoconfigure.EmbeddedMongo    : {"t":{"$date":"2025-10-02T17:29:10.582+00:00"},"s":"I",  "c":"CONTROL",  "id":51765,   "ctx":"initandlisten","msg":"Operating System","attr":{"os":{"name":"Ubuntu","version":"24.04"}}}
2025-10-02T17:29:10.583Z  INFO 18975 --- [OpenReferralsDemo] [       Thread-1] d.f.e.m.s.autoconfigure.EmbeddedMongo    : {"t":{"$date":"2025-10-02T17:29:10.582+00:00"},"s":"I",  "c":"CONTROL",  "id":21951,   "ctx":"initandlisten","msg":"Options set by command line","attr":{"options":{"net":{"bindIp":"127.0.0.1","port":41869},"security":{"authorization":"disabled"},"storage":{"dbPath":"/tmp/temp--93951309-c681-446e-b139-3c2c789a38e1/mongod-database3637422129030196142","journal":{"enabled":false},"syncPeriodSecs":0}}}}
2025-10-02T17:29:10.586Z  INFO 18975 --- [OpenReferralsDemo] [       Thread-1] d.f.e.m.s.autoconfigure.EmbeddedMongo    : {"t":{"$date":"2025-10-02T17:29:10.586+00:00"},"s":"I",  "c":"STORAGE",  "id":22315,   "ctx":"initandlisten","msg":"Opening WiredTiger","attr":{"config":"create,cache_size=3467M,session_max=33000,eviction=(threads_min=4,threads_max=4),config_base=false,statistics=(fast),log=(enabled=true,remove=true,path=journal,compressor=snappy),builtin_extension_config=(zstd=(compression_level=6)),file_manager=(close_idle_time=600,close_scan_interval=10,close_handle_minimum=2000),statistics_log=(wait=0),json_output=(error,message),verbose=[recovery_progress:1,checkpoint_progress:1,compact_progress:1,backup:0,checkpoint:0,compact:0,evict:0,history_store:0,recovery:0,rts:0,salvage:0,tiered:0,timestamp:0,transaction:0,verify:0,log:0],,log=(enabled=false),"}}
2025-10-02T17:29:11.539Z  INFO 18975 --- [OpenReferralsDemo] [       Thread-1] d.f.e.m.s.autoconfigure.EmbeddedMongo    : {"t":{"$date":"2025-10-02T17:29:11.538+00:00"},"s":"I",  "c":"STORAGE",  "id":4795906, "ctx":"initandlisten","msg":"WiredTiger opened","attr":{"durationMillis":952}}
2025-10-02T17:29:11.539Z  INFO 18975 --- [OpenReferralsDemo] [       Thread-1] d.f.e.m.s.autoconfigure.EmbeddedMongo    : {"t":{"$date":"2025-10-02T17:29:11.538+00:00"},"s":"I",  "c":"RECOVERY", "id":23987,   "ctx":"initandlisten","msg":"WiredTiger recoveryTimestamp","attr":{"recoveryTimestamp":{"$timestamp":{"t":0,"i":0}}}}
2025-10-02T17:29:11.562Z  INFO 18975 --- [OpenReferralsDemo] [       Thread-1] d.f.e.m.s.autoconfigure.EmbeddedMongo    : {"t":{"$date":"2025-10-02T17:29:11.562+00:00"},"s":"W",  "c":"CONTROL",  "id":5123300, "ctx":"initandlisten","msg":"vm.max_map_count is too low","attr":{"currentValue":1048576,"recommendedMinimum":1677720,"maxConns":838860},"tags":["startupWarnings"]}
2025-10-02T17:29:11.563Z  INFO 18975 --- [OpenReferralsDemo] [       Thread-1] d.f.e.m.s.autoconfigure.EmbeddedMongo    : {"t":{"$date":"2025-10-02T17:29:11.562+00:00"},"s":"I",  "c":"STORAGE",  "id":20320,   "ctx":"initandlisten","msg":"createCollection","attr":{"namespace":"admin.system.version","uuidDisposition":"provided","uuid":{"uuid":{"$uuid":"9ae3084b-5224-44ca-ba2c-197a2572e3fb"}},"options":{"uuid":{"$uuid":"9ae3084b-5224-44ca-ba2c-197a2572e3fb"}}}}
2025-10-02T17:29:11.579Z  INFO 18975 --- [OpenReferralsDemo] [       Thread-1] d.f.e.m.s.autoconfigure.EmbeddedMongo    : {"t":{"$date":"2025-10-02T17:29:11.579+00:00"},"s":"I",  "c":"INDEX",    "id":20345,   "ctx":"initandlisten","msg":"Index build: done building","attr":{"buildUUID":null,"collectionUUID":{"uuid":{"$uuid":"9ae3084b-5224-44ca-ba2c-197a2572e3fb"}},"namespace":"admin.system.version","index":"_id_","ident":"index-1-6541410180701734504","collectionIdent":"collection-0-6541410180701734504","commitTimestamp":null}}
2025-10-02T17:29:11.580Z  INFO 18975 --- [OpenReferralsDemo] [       Thread-1] d.f.e.m.s.autoconfigure.EmbeddedMongo    : {"t":{"$date":"2025-10-02T17:29:11.579+00:00"},"s":"I",  "c":"REPL",     "id":20459,   "ctx":"initandlisten","msg":"Setting featureCompatibilityVersion","attr":{"newVersion":"6.0"}}
2025-10-02T17:29:11.580Z  INFO 18975 --- [OpenReferralsDemo] [       Thread-1] d.f.e.m.s.autoconfigure.EmbeddedMongo    : {"t":{"$date":"2025-10-02T17:29:11.579+00:00"},"s":"I",  "c":"REPL",     "id":5853300, "ctx":"initandlisten","msg":"current featureCompatibilityVersion value","attr":{"featureCompatibilityVersion":"6.0","context":"setFCV"}}
2025-10-02T17:29:11.581Z  INFO 18975 --- [OpenReferralsDemo] [       Thread-1] d.f.e.m.s.autoconfigure.EmbeddedMongo    : {"t":{"$date":"2025-10-02T17:29:11.579+00:00"},"s":"I",  "c":"NETWORK",  "id":4915702, "ctx":"initandlisten","msg":"Updated wire specification","attr":{"oldSpec":{"incomingExternalClient":{"minWireVersion":0,"maxWireVersion":17},"incomingInternalClient":{"minWireVersion":0,"maxWireVersion":17},"outgoing":{"minWireVersion":6,"maxWireVersion":17},"isInternalClient":true},"newSpec":{"incomingExternalClient":{"minWireVersion":0,"maxWireVersion":17},"incomingInternalClient":{"minWireVersion":17,"maxWireVersion":17},"outgoing":{"minWireVersion":17,"maxWireVersion":17},"isInternalClient":true}}}
2025-10-02T17:29:11.581Z  INFO 18975 --- [OpenReferralsDemo] [       Thread-1] d.f.e.m.s.autoconfigure.EmbeddedMongo    : {"t":{"$date":"2025-10-02T17:29:11.579+00:00"},"s":"I",  "c":"NETWORK",  "id":4915702, "ctx":"initandlisten","msg":"Updated wire specification","attr":{"oldSpec":{"incomingExternalClient":{"minWireVersion":0,"maxWireVersion":17},"incomingInternalClient":{"minWireVersion":17,"maxWireVersion":17},"outgoing":{"minWireVersion":17,"maxWireVersion":17},"isInternalClient":true},"newSpec":{"incomingExternalClient":{"minWireVersion":0,"maxWireVersion":17},"incomingInternalClient":{"minWireVersion":17,"maxWireVersion":17},"outgoing":{"minWireVersion":17,"maxWireVersion":17},"isInternalClient":true}}}
2025-10-02T17:29:11.581Z  INFO 18975 --- [OpenReferralsDemo] [       Thread-1] d.f.e.m.s.autoconfigure.EmbeddedMongo    : {"t":{"$date":"2025-10-02T17:29:11.579+00:00"},"s":"I",  "c":"REPL",     "id":5853300, "ctx":"initandlisten","msg":"current featureCompatibilityVersion value","attr":{"featureCompatibilityVersion":"6.0","context":"startup"}}
2025-10-02T17:29:11.581Z  INFO 18975 --- [OpenReferralsDemo] [       Thread-1] d.f.e.m.s.autoconfigure.EmbeddedMongo    : {"t":{"$date":"2025-10-02T17:29:11.580+00:00"},"s":"I",  "c":"STORAGE",  "id":5071100, "ctx":"initandlisten","msg":"Clearing temp directory"}
2025-10-02T17:29:11.582Z  INFO 18975 --- [OpenReferralsDemo] [       Thread-1] d.f.e.m.s.autoconfigure.EmbeddedMongo    : {"t":{"$date":"2025-10-02T17:29:11.580+00:00"},"s":"I",  "c":"CONTROL",  "id":20536,   "ctx":"initandlisten","msg":"Flow Control is enabled on this deployment"}
2025-10-02T17:29:11.582Z  INFO 18975 --- [OpenReferralsDemo] [       Thread-1] d.f.e.m.s.autoconfigure.EmbeddedMongo    : {"t":{"$date":"2025-10-02T17:29:11.581+00:00"},"s":"I",  "c":"FTDC",     "id":20625,   "ctx":"initandlisten","msg":"Initializing full-time diagnostic data capture","attr":{"dataDirectory":"/tmp/temp--93951309-c681-446e-b139-3c2c789a38e1/mongod-database3637422129030196142/diagnostic.data"}}
2025-10-02T17:29:11.585Z  INFO 18975 --- [OpenReferralsDemo] [       Thread-1] d.f.e.m.s.autoconfigure.EmbeddedMongo    : {"t":{"$date":"2025-10-02T17:29:11.585+00:00"},"s":"I",  "c":"STORAGE",  "id":20320,   "ctx":"initandlisten","msg":"createCollection","attr":{"namespace":"local.startup_log","uuidDisposition":"generated","uuid":{"uuid":{"$uuid":"60c257f4-e019-490a-963d-431e30080022"}},"options":{"capped":true,"size":10485760}}}
2025-10-02T17:29:11.603Z  INFO 18975 --- [OpenReferralsDemo] [       Thread-1] d.f.e.m.s.autoconfigure.EmbeddedMongo    : {"t":{"$date":"2025-10-02T17:29:11.603+00:00"},"s":"I",  "c":"INDEX",    "id":20345,   "ctx":"initandlisten","msg":"Index build: done building","attr":{"buildUUID":null,"collectionUUID":{"uuid":{"$uuid":"60c257f4-e019-490a-963d-431e30080022"}},"namespace":"local.startup_log","index":"_id_","ident":"index-3-6541410180701734504","collectionIdent":"collection-2-6541410180701734504","commitTimestamp":null}}
2025-10-02T17:29:11.604Z  INFO 18975 --- [OpenReferralsDemo] [       Thread-1] d.f.e.m.s.autoconfigure.EmbeddedMongo    : {"t":{"$date":"2025-10-02T17:29:11.603+00:00"},"s":"I",  "c":"REPL",     "id":6015317, "ctx":"initandlisten","msg":"Setting new configuration state","attr":{"newState":"ConfigReplicationDisabled","oldState":"ConfigPreStart"}}
2025-10-02T17:29:11.604Z  INFO 18975 --- [OpenReferralsDemo] [       Thread-1] d.f.e.m.s.autoconfigure.EmbeddedMongo    : {"t":{"$date":"2025-10-02T17:29:11.603+00:00"},"s":"I",  "c":"STORAGE",  "id":22262,   "ctx":"initandlisten","msg":"Timestamp monitor starting"}
2025-10-02T17:29:11.609Z  INFO 18975 --- [OpenReferralsDemo] [       Thread-1] d.f.e.m.s.autoconfigure.EmbeddedMongo    : {"t":{"$date":"2025-10-02T17:29:11.609+00:00"},"s":"I",  "c":"STORAGE",  "id":20320,   "ctx":"LogicalSessionCacheRefresh","msg":"createCollection","attr":{"namespace":"config.system.sessions","uuidDisposition":"generated","uuid":{"uuid":{"$uuid":"49354e9a-3fab-4dde-9c72-0f700ffc5327"}},"options":{}}}
2025-10-02T17:29:11.610Z  INFO 18975 --- [OpenReferralsDemo] [       Thread-1] d.f.e.m.s.autoconfigure.EmbeddedMongo    : {"t":{"$date":"2025-10-02T17:29:11.609+00:00"},"s":"I",  "c":"CONTROL",  "id":20712,   "ctx":"LogicalSessionCacheReap","msg":"Sessions collection is not set up; waiting until next sessions reap interval","attr":{"error":"NamespaceNotFound: config.system.sessions does not exist"}}
2025-10-02T17:29:11.611Z  INFO 18975 --- [OpenReferralsDemo] [       Thread-1] d.f.e.m.s.autoconfigure.EmbeddedMongo    : {"t":{"$date":"2025-10-02T17:29:11.611+00:00"},"s":"I",  "c":"NETWORK",  "id":23015,   "ctx":"listener","msg":"Listening on","attr":{"address":"/tmp/mongodb-41869.sock"}}
2025-10-02T17:29:11.611Z  INFO 18975 --- [OpenReferralsDemo] [       Thread-1] d.f.e.m.s.autoconfigure.EmbeddedMongo    : {"t":{"$date":"2025-10-02T17:29:11.611+00:00"},"s":"I",  "c":"NETWORK",  "id":23015,   "ctx":"listener","msg":"Listening on","attr":{"address":"127.0.0.1"}}
2025-10-02T17:29:11.611Z  INFO 18975 --- [OpenReferralsDemo] [       Thread-1] d.f.e.m.s.autoconfigure.EmbeddedMongo    : {"t":{"$date":"2025-10-02T17:29:11.611+00:00"},"s":"I",  "c":"NETWORK",  "id":23016,   "ctx":"listener","msg":"Waiting for connections","attr":{"port":41869,"ssl":"off"}}
2025-10-02T17:29:11.611Z  INFO 18975 --- [OpenReferralsDemo] [       Thread-1] d.f.e.m.s.autoconfigure.EmbeddedMongo    : {"t":{"$date":"2025-10-02T17:29:11.611+00:00"},"s":"I",  "c":"CONTROL",  "id":8423403, "ctx":"initandlisten","msg":"mongod startup complete","attr":{"Summary of time elapsed":{"Startup from clean shutdown?":true,"Statistics":{"Transport layer setup":"0 ms","Run initial syncer crash recovery":"0 ms","Create storage engine lock file in the data directory":"0 ms","Create storage engine lock file in the data directory":"0 ms","Get metadata describing storage engine":"0 ms","Get metadata describing storage engine":"0 ms","Create storage engine":"0 ms","Create storage engine":"972 ms","Write current PID to file":"0 ms","Write current PID to file":"0 ms","Write a new metadata for storage engine":"0 ms","Write a new metadata for storage engine":"0 ms","Initialize FCV before rebuilding indexes":"0 ms","Initialize FCV before rebuilding indexes":"0 ms","Drop abandoned idents and get back indexes that need to be rebuilt or builds that need to be restarted":"0 ms","Drop abandoned idents and get back indexes that need to be rebuilt or builds that need to be restarted":"0 ms","Rebuild indexes for collections":"0 ms","Rebuild indexes for collections":"0 ms","Build user and roles graph":"0 ms","Set up the background thread pool responsible for waiting for opTimes to be majority committed":"0 ms","Start up the replication coordinator":"0 ms","Start transport layer":"1 ms","_initAndListen total elapsed time":"1029 ms"}}}}
2025-10-02T17:29:11.626Z  INFO 18975 --- [OpenReferralsDemo] [       Thread-1] d.f.e.m.s.autoconfigure.EmbeddedMongo    : {"t":{"$date":"2025-10-02T17:29:11.626+00:00"},"s":"I",  "c":"INDEX",    "id":20345,   "ctx":"LogicalSessionCacheRefresh","msg":"Index build: done building","attr":{"buildUUID":null,"collectionUUID":{"uuid":{"$uuid":"49354e9a-3fab-4dde-9c72-0f700ffc5327"}},"namespace":"config.system.sessions","index":"_id_","ident":"index-5-6541410180701734504","collectionIdent":"collection-4-6541410180701734504","commitTimestamp":null}}
2025-10-02T17:29:11.626Z  INFO 18975 --- [OpenReferralsDemo] [       Thread-1] d.f.e.m.s.autoconfigure.EmbeddedMongo    : {"t":{"$date":"2025-10-02T17:29:11.626+00:00"},"s":"I",  "c":"INDEX",    "id":20345,   "ctx":"LogicalSessionCacheRefresh","msg":"Index build: done building","attr":{"buildUUID":null,"collectionUUID":{"uuid":{"$uuid":"49354e9a-3fab-4dde-9c72-0f700ffc5327"}},"namespace":"config.system.sessions","index":"lsidTTLIndex","ident":"index-6-6541410180701734504","collectionIdent":"collection-4-6541410180701734504","commitTimestamp":null}}
2025-10-02T17:29:11.725Z  INFO 18975 --- [OpenReferralsDemo] [       Thread-1] d.f.e.m.s.autoconfigure.EmbeddedMongo    : {"t":{"$date":"2025-10-02T17:29:11.725+00:00"},"s":"I",  "c":"NETWORK",  "id":22943,   "ctx":"listener","msg":"Connection accepted","attr":{"remote":"127.0.0.1:56648","uuid":"5afa46b8-477d-4206-b3e3-db40fb1d6a61","connectionId":1,"connectionCount":1}}
2025-10-02T17:29:11.735Z  INFO 18975 --- [OpenReferralsDemo] [           main] org.mongodb.driver.client                : MongoClient with metadata {"driver": {"name": "mongo-java-driver|sync|spring-boot", "version": "5.5.1"}, "os": {"type": "Linux", "name": "Linux", "architecture": "amd64", "version": "6.8.0"}, "platform": "Java/Ubuntu/21.0.8+9-Ubuntu-0ubuntu124.04.1"} created with settings MongoClientSettings{readPreference=primary, writeConcern=WriteConcern{w=null, wTimeout=null ms, journal=null}, retryWrites=true, retryReads=true, readConcern=ReadConcern{level=null}, credential=null, transportSettings=null, commandListeners=[], codecRegistry=ProvidersCodecRegistry{codecProviders=[ValueCodecProvider{}, BsonValueCodecProvider{}, DBRefCodecProvider{}, DBObjectCodecProvider{}, DocumentCodecProvider{}, CollectionCodecProvider{}, IterableCodecProvider{}, MapCodecProvider{}, GeoJsonCodecProvider{}, GridFSFileCodecProvider{}, Jsr310CodecProvider{}, JsonObjectCodecProvider{}, BsonCodecProvider{}, EnumCodecProvider{}, com.mongodb.client.model.mql.ExpressionCodecProvider@73893ec1, com.mongodb.Jep395RecordCodecProvider@37af24cb, com.mongodb.KotlinCodecProvider@7926352f]}, loggerSettings=LoggerSettings{maxDocumentLength=1000}, clusterSettings={hosts=[localhost:41869], srvServiceName=mongodb, mode=SINGLE, requiredClusterType=UNKNOWN, requiredReplicaSetName='null', serverSelector='null', clusterListeners='[]', serverSelectionTimeout='30000 ms', localThreshold='15 ms'}, socketSettings=SocketSettings{connectTimeoutMS=10000, readTimeoutMS=0, receiveBufferSize=0, proxySettings=ProxySettings{host=null, port=null, username=null, password=null}}, heartbeatSocketSettings=SocketSettings{connectTimeoutMS=10000, readTimeoutMS=10000, receiveBufferSize=0, proxySettings=ProxySettings{host=null, port=null, username=null, password=null}}, connectionPoolSettings=ConnectionPoolSettings{maxSize=100, minSize=0, maxWaitTimeMS=120000, maxConnectionLifeTimeMS=0, maxConnectionIdleTimeMS=0, maintenanceInitialDelayMS=0, maintenanceFrequencyMS=60000, connectionPoolListeners=[], maxConnecting=2}, serverSettings=ServerSettings{heartbeatFrequencyMS=10000, minHeartbeatFrequencyMS=500, serverMonitoringMode=AUTO, serverListeners='[]', serverMonitorListeners='[]'}, sslSettings=SslSettings{enabled=false, invalidHostNameAllowed=false, context=null}, applicationName='null', compressorList=[], uuidRepresentation=JAVA_LEGACY, serverApi=null, autoEncryptionSettings=null, dnsClient=null, inetAddressResolver=null, contextProvider=null, timeoutMS=null}
2025-10-02T17:29:11.736Z  INFO 18975 --- [OpenReferralsDemo] [       Thread-1] d.f.e.m.s.autoconfigure.EmbeddedMongo    : {"t":{"$date":"2025-10-02T17:29:11.736+00:00"},"s":"I",  "c":"NETWORK",  "id":51800,   "ctx":"conn1","msg":"client metadata","attr":{"remote":"127.0.0.1:56648","client":"conn1","negotiatedCompressors":[],"doc":{"driver":{"name":"mongo-java-driver|sync|spring-boot","version":"5.5.1"},"os":{"type":"Linux","name":"Linux","architecture":"amd64","version":"6.8.0"},"platform":"Java/Ubuntu/21.0.8+9-Ubuntu-0ubuntu124.04.1"}}}
2025-10-02T17:29:11.752Z  INFO 18975 --- [OpenReferralsDemo] [localhost:41869] org.mongodb.driver.cluster               : Monitor thread successfully connected to server with description ServerDescription{address=localhost:41869, type=STANDALONE, cryptd=false, state=CONNECTED, ok=true, minWireVersion=0, maxWireVersion=17, maxDocumentSize=16777216, logicalSessionTimeoutMinutes=30, roundTripTimeNanos=23357690, minRoundTripTimeNanos=0}
2025-10-02T17:29:11.755Z  INFO 18975 --- [OpenReferralsDemo] [       Thread-1] d.f.e.m.s.autoconfigure.EmbeddedMongo    : {"t":{"$date":"2025-10-02T17:29:11.755+00:00"},"s":"I",  "c":"NETWORK",  "id":22943,   "ctx":"listener","msg":"Connection accepted","attr":{"remote":"127.0.0.1:56652","uuid":"cdf2c007-b9f4-4b8a-a6f7-7dae86a9d016","connectionId":2,"connectionCount":2}}
2025-10-02T17:29:11.757Z  INFO 18975 --- [OpenReferralsDemo] [       Thread-1] d.f.e.m.s.autoconfigure.EmbeddedMongo    : {"t":{"$date":"2025-10-02T17:29:11.756+00:00"},"s":"I",  "c":"NETWORK",  "id":51800,   "ctx":"conn2","msg":"client metadata","attr":{"remote":"127.0.0.1:56652","client":"conn2","negotiatedCompressors":[],"doc":{"driver":{"name":"mongo-java-driver|sync|spring-boot","version":"5.5.1"},"os":{"type":"Linux","name":"Linux","architecture":"amd64","version":"6.8.0"},"platform":"Java/Ubuntu/21.0.8+9-Ubuntu-0ubuntu124.04.1"}}}
2025-10-02T17:29:12.622Z  INFO 18975 --- [OpenReferralsDemo] [           main] o.s.b.w.embedded.tomcat.TomcatWebServer  : Tomcat started on port 8080 (http) with context path '/'
2025-10-02T17:29:12.631Z  INFO 18975 --- [OpenReferralsDemo] [           main] u.c.d.o.OpenReferralsDemoApplication     : Started OpenReferralsDemoApplication in 4.965 seconds (process running for 5.53)
2025-10-02T17:29:12.635Z  INFO 18975 --- [OpenReferralsDemo] [           main] u.c.d.openreferrals.config.DataSeeder    : Clearing existing data...
2025-10-02T17:29:12.658Z DEBUG 18975 --- [OpenReferralsDemo] [           main] o.s.data.mongodb.core.MongoTemplate      : Remove using query: {} in collection: services.
2025-10-02T17:29:12.691Z  INFO 18975 --- [OpenReferralsDemo] [       Thread-1] d.f.e.m.s.autoconfigure.EmbeddedMongo    : {"t":{"$date":"2025-10-02T17:29:12.691+00:00"},"s":"I",  "c":"NETWORK",  "id":22943,   "ctx":"listener","msg":"Connection accepted","attr":{"remote":"127.0.0.1:56658","uuid":"10a917f1-a4ad-4aab-9b7e-51214c347fd0","connectionId":3,"connectionCount":3}}
2025-10-02T17:29:12.692Z  INFO 18975 --- [OpenReferralsDemo] [       Thread-1] d.f.e.m.s.autoconfigure.EmbeddedMongo    : {"t":{"$date":"2025-10-02T17:29:12.692+00:00"},"s":"I",  "c":"NETWORK",  "id":51800,   "ctx":"conn3","msg":"client metadata","attr":{"remote":"127.0.0.1:56658","client":"conn3","negotiatedCompressors":[],"doc":{"driver":{"name":"mongo-java-driver|sync|spring-boot","version":"5.5.1"},"os":{"type":"Linux","name":"Linux","architecture":"amd64","version":"6.8.0"},"platform":"Java/Ubuntu/21.0.8+9-Ubuntu-0ubuntu124.04.1"}}}
2025-10-02T17:29:12.714Z DEBUG 18975 --- [OpenReferralsDemo] [           main] o.s.data.mongodb.core.MongoTemplate      : Remove using query: {} in collection: locations.
2025-10-02T17:29:12.716Z DEBUG 18975 --- [OpenReferralsDemo] [           main] o.s.data.mongodb.core.MongoTemplate      : Remove using query: {} in collection: organizations.
2025-10-02T17:29:12.718Z  INFO 18975 --- [OpenReferralsDemo] [           main] u.c.d.openreferrals.config.DataSeeder    : Seeding database with Restart provision data...
2025-10-02T17:29:12.755Z DEBUG 18975 --- [OpenReferralsDemo] [           main] o.s.data.mongodb.core.MongoTemplate      : Inserting Document containing fields: [name, description, email, url, createdAt, updatedAt, _class] in collection: organizations
2025-10-02T17:29:12.763Z  INFO 18975 --- [OpenReferralsDemo] [       Thread-1] d.f.e.m.s.autoconfigure.EmbeddedMongo    : {"t":{"$date":"2025-10-02T17:29:12.763+00:00"},"s":"I",  "c":"STORAGE",  "id":20320,   "ctx":"conn3","msg":"createCollection","attr":{"namespace":"openreferrals.organizations","uuidDisposition":"generated","uuid":{"uuid":{"$uuid":"167580c2-7081-4356-9d3a-425014d2585a"}},"options":{}}}
2025-10-02T17:29:12.779Z  INFO 18975 --- [OpenReferralsDemo] [       Thread-1] d.f.e.m.s.autoconfigure.EmbeddedMongo    : {"t":{"$date":"2025-10-02T17:29:12.779+00:00"},"s":"I",  "c":"INDEX",    "id":20345,   "ctx":"conn3","msg":"Index build: done building","attr":{"buildUUID":null,"collectionUUID":{"uuid":{"$uuid":"167580c2-7081-4356-9d3a-425014d2585a"}},"namespace":"openreferrals.organizations","index":"_id_","ident":"index-8-6541410180701734504","collectionIdent":"collection-7-6541410180701734504","commitTimestamp":null}}
2025-10-02T17:29:12.784Z DEBUG 18975 --- [OpenReferralsDemo] [           main] o.s.data.mongodb.core.MongoTemplate      : Inserting Document containing fields: [name, description, email, url, createdAt, updatedAt, _class] in collection: organizations
2025-10-02T17:29:12.787Z DEBUG 18975 --- [OpenReferralsDemo] [           main] o.s.data.mongodb.core.MongoTemplate      : Inserting Document containing fields: [name, description, email, url, createdAt, updatedAt, _class] in collection: organizations
2025-10-02T17:29:12.789Z DEBUG 18975 --- [OpenReferralsDemo] [           main] o.s.data.mongodb.core.MongoTemplate      : Inserting Document containing fields: [name, description, email, url, createdAt, updatedAt, _class] in collection: organizations
2025-10-02T17:29:12.790Z  INFO 18975 --- [OpenReferralsDemo] [           main] u.c.d.openreferrals.config.DataSeeder    : Created 4 organizations
2025-10-02T17:29:12.798Z DEBUG 18975 --- [OpenReferralsDemo] [           main] o.s.data.mongodb.core.MongoTemplate      : Inserting Document containing fields: [name, description, latitude, longitude, address1, city, postalCode, country, createdAt, updatedAt, _class] in collection: locations
2025-10-02T17:29:12.801Z  INFO 18975 --- [OpenReferralsDemo] [       Thread-1] d.f.e.m.s.autoconfigure.EmbeddedMongo    : {"t":{"$date":"2025-10-02T17:29:12.801+00:00"},"s":"I",  "c":"STORAGE",  "id":20320,   "ctx":"conn3","msg":"createCollection","attr":{"namespace":"openreferrals.locations","uuidDisposition":"generated","uuid":{"uuid":{"$uuid":"5925b8e6-196d-4e5c-ad09-c568de8cf859"}},"options":{}}}
2025-10-02T17:29:12.815Z  INFO 18975 --- [OpenReferralsDemo] [       Thread-1] d.f.e.m.s.autoconfigure.EmbeddedMongo    : {"t":{"$date":"2025-10-02T17:29:12.815+00:00"},"s":"I",  "c":"INDEX",    "id":20345,   "ctx":"conn3","msg":"Index build: done building","attr":{"buildUUID":null,"collectionUUID":{"uuid":{"$uuid":"5925b8e6-196d-4e5c-ad09-c568de8cf859"}},"namespace":"openreferrals.locations","index":"_id_","ident":"index-10-6541410180701734504","collectionIdent":"collection-9-6541410180701734504","commitTimestamp":null}}
2025-10-02T17:29:12.817Z DEBUG 18975 --- [OpenReferralsDemo] [           main] o.s.data.mongodb.core.MongoTemplate      : Inserting Document containing fields: [name, description, latitude, longitude, address1, city, postalCode, country, createdAt, updatedAt, _class] in collection: locations
2025-10-02T17:29:12.819Z DEBUG 18975 --- [OpenReferralsDemo] [           main] o.s.data.mongodb.core.MongoTemplate      : Inserting Document containing fields: [name, description, latitude, longitude, address1, city, postalCode, country, createdAt, updatedAt, _class] in collection: locations
2025-10-02T17:29:12.822Z DEBUG 18975 --- [OpenReferralsDemo] [           main] o.s.data.mongodb.core.MongoTemplate      : Inserting Document containing fields: [name, description, latitude, longitude, address1, city, postalCode, country, createdAt, updatedAt, _class] in collection: locations
2025-10-02T17:29:12.824Z DEBUG 18975 --- [OpenReferralsDemo] [           main] o.s.data.mongodb.core.MongoTemplate      : Inserting Document containing fields: [name, description, latitude, longitude, address1, city, postalCode, country, createdAt, updatedAt, _class] in collection: locations
2025-10-02T17:29:12.826Z DEBUG 18975 --- [OpenReferralsDemo] [           main] o.s.data.mongodb.core.MongoTemplate      : Inserting Document containing fields: [name, description, latitude, longitude, address1, city, postalCode, country, createdAt, updatedAt, _class] in collection: locations
2025-10-02T17:29:12.827Z  INFO 18975 --- [OpenReferralsDemo] [           main] u.c.d.openreferrals.config.DataSeeder    : Created 6 locations
2025-10-02T17:29:12.834Z DEBUG 18975 --- [OpenReferralsDemo] [           main] o.s.data.mongodb.core.MongoTemplate      : Inserting Document containing fields: [name, description, url, email, status, organization, location, createdAt, updatedAt, _class] in collection: services
2025-10-02T17:29:12.836Z  INFO 18975 --- [OpenReferralsDemo] [       Thread-1] d.f.e.m.s.autoconfigure.EmbeddedMongo    : {"t":{"$date":"2025-10-02T17:29:12.836+00:00"},"s":"I",  "c":"STORAGE",  "id":20320,   "ctx":"conn3","msg":"createCollection","attr":{"namespace":"openreferrals.services","uuidDisposition":"generated","uuid":{"uuid":{"$uuid":"d8be3706-0afe-47bd-8bff-41ebcb95e162"}},"options":{}}}
2025-10-02T17:29:12.850Z  INFO 18975 --- [OpenReferralsDemo] [       Thread-1] d.f.e.m.s.autoconfigure.EmbeddedMongo    : {"t":{"$date":"2025-10-02T17:29:12.849+00:00"},"s":"I",  "c":"INDEX",    "id":20345,   "ctx":"conn3","msg":"Index build: done building","attr":{"buildUUID":null,"collectionUUID":{"uuid":{"$uuid":"d8be3706-0afe-47bd-8bff-41ebcb95e162"}},"namespace":"openreferrals.services","index":"_id_","ident":"index-12-6541410180701734504","collectionIdent":"collection-11-6541410180701734504","commitTimestamp":null}}
2025-10-02T17:29:12.853Z DEBUG 18975 --- [OpenReferralsDemo] [           main] o.s.data.mongodb.core.MongoTemplate      : Inserting Document containing fields: [name, description, url, email, status, organization, location, createdAt, updatedAt, _class] in collection: services
2025-10-02T17:29:12.856Z DEBUG 18975 --- [OpenReferralsDemo] [           main] o.s.data.mongodb.core.MongoTemplate      : Inserting Document containing fields: [name, description, url, email, status, organization, location, createdAt, updatedAt, _class] in collection: services
2025-10-02T17:29:12.858Z DEBUG 18975 --- [OpenReferralsDemo] [           main] o.s.data.mongodb.core.MongoTemplate      : Inserting Document containing fields: [name, description, url, email, status, organization, location, createdAt, updatedAt, _class] in collection: services
2025-10-02T17:29:12.860Z DEBUG 18975 --- [OpenReferralsDemo] [           main] o.s.data.mongodb.core.MongoTemplate      : Inserting Document containing fields: [name, description, url, email, status, organization, location, createdAt, updatedAt, _class] in collection: services
2025-10-02T17:29:12.863Z DEBUG 18975 --- [OpenReferralsDemo] [           main] o.s.data.mongodb.core.MongoTemplate      : Inserting Document containing fields: [name, description, url, email, status, organization, location, createdAt, updatedAt, _class] in collection: services
2025-10-02T17:29:12.865Z DEBUG 18975 --- [OpenReferralsDemo] [           main] o.s.data.mongodb.core.MongoTemplate      : Inserting Document containing fields: [name, description, url, email, status, organization, location, createdAt, updatedAt, _class] in collection: services
2025-10-02T17:29:12.867Z DEBUG 18975 --- [OpenReferralsDemo] [           main] o.s.data.mongodb.core.MongoTemplate      : Inserting Document containing fields: [name, description, url, email, status, organization, location, createdAt, updatedAt, _class] in collection: services
2025-10-02T17:29:12.869Z DEBUG 18975 --- [OpenReferralsDemo] [           main] o.s.data.mongodb.core.MongoTemplate      : Inserting Document containing fields: [name, description, url, email, status, organization, location, createdAt, updatedAt, _class] in collection: services
2025-10-02T17:29:12.871Z DEBUG 18975 --- [OpenReferralsDemo] [           main] o.s.data.mongodb.core.MongoTemplate      : Inserting Document containing fields: [name, description, url, email, status, organization, location, createdAt, updatedAt, _class] in collection: services
2025-10-02T17:29:12.873Z DEBUG 18975 --- [OpenReferralsDemo] [           main] o.s.data.mongodb.core.MongoTemplate      : Inserting Document containing fields: [name, description, url, email, status, organization, location, createdAt, updatedAt, _class] in collection: services
2025-10-02T17:29:12.875Z DEBUG 18975 --- [OpenReferralsDemo] [           main] o.s.data.mongodb.core.MongoTemplate      : Inserting Document containing fields: [name, description, url, email, status, organization, location, createdAt, updatedAt, _class] in collection: services
2025-10-02T17:29:12.877Z DEBUG 18975 --- [OpenReferralsDemo] [           main] o.s.data.mongodb.core.MongoTemplate      : Inserting Document containing fields: [name, description, url, email, status, organization, location, createdAt, updatedAt, _class] in collection: services
2025-10-02T17:29:12.879Z  INFO 18975 --- [OpenReferralsDemo] [           main] u.c.d.openreferrals.config.DataSeeder    : Created 13 services
2025-10-02T17:29:12.879Z  INFO 18975 --- [OpenReferralsDemo] [           main] u.c.d.openreferrals.config.DataSeeder    : Database seeding completed successfully!
